Archive member included to satisfy reference by file (symbol)

c:/program files (x86)/atmel/studio/7.0/toolchain/avr8/avr8-gnu-toolchain/bin/../lib/gcc/avr/5.4.0/avr25\libgcc.a(_udivmodsi4.o)
                              Mocca_Mini_Driver.o (__udivmodsi4)
c:/program files (x86)/atmel/studio/7.0/toolchain/avr8/avr8-gnu-toolchain/bin/../lib/gcc/avr/5.4.0/avr25\libgcc.a(_exit.o)
                              C:/Program Files (x86)/Atmel/Studio/7.0/Packs/atmel/ATtiny_DFP/1.2.118/gcc/dev/attiny841/avr25/crtattiny841.o (exit)
c:/program files (x86)/atmel/studio/7.0/toolchain/avr8/avr8-gnu-toolchain/bin/../lib/gcc/avr/5.4.0/avr25\libgcc.a(_copy_data.o)
                              Mocca_Mini_Driver.o (__do_copy_data)
c:/program files (x86)/atmel/studio/7.0/toolchain/avr8/avr8-gnu-toolchain/bin/../lib/gcc/avr/5.4.0/avr25\libgcc.a(_clear_bss.o)
                              Mocca_Mini_Driver.o (__do_clear_bss)

Allocating common symbols
Common symbol       size              file

DIP_Switch          0x2               Mocca_Mini_Driver.o
sec_neu             0x1               NewMain.o
std                 0x1               NewMain.o
RGB_rot             0x2               Mocca_Mini_Driver.o
Taste_1             0x2               Mocca_Mini_Driver.o
Taste_4             0x2               Mocca_Mini_Driver.o
RGB_gruen           0x2               Mocca_Mini_Driver.o
min                 0x1               NewMain.o
sec                 0x1               NewMain.o
Taste_2             0x2               Mocca_Mini_Driver.o
RGB_blau            0x2               Mocca_Mini_Driver.o
Taste_3             0x2               Mocca_Mini_Driver.o

Discarded input sections

 .data          0x00000000        0x0 C:/Program Files (x86)/Atmel/Studio/7.0/Packs/atmel/ATtiny_DFP/1.2.118/gcc/dev/attiny841/avr25/crtattiny841.o
 .bss           0x00000000        0x0 C:/Program Files (x86)/Atmel/Studio/7.0/Packs/atmel/ATtiny_DFP/1.2.118/gcc/dev/attiny841/avr25/crtattiny841.o
 .text          0x00000000        0x0 Mocca_Mini_Driver.o
 .data          0x00000000        0x0 Mocca_Mini_Driver.o
 .bss           0x00000000        0x0 Mocca_Mini_Driver.o
 .text.get_Taste_1
                0x00000000       0x2a Mocca_Mini_Driver.o
 .text.get_Taste_2
                0x00000000       0x30 Mocca_Mini_Driver.o
 .text          0x00000000        0x0 NewMain.o
 .data          0x00000000        0x0 NewMain.o
 .bss           0x00000000        0x0 NewMain.o
 COMMON         0x00000000        0x4 NewMain.o
 .text          0x00000000        0x0 c:/program files (x86)/atmel/studio/7.0/toolchain/avr8/avr8-gnu-toolchain/bin/../lib/gcc/avr/5.4.0/avr25\libgcc.a(_udivmodsi4.o)
 .data          0x00000000        0x0 c:/program files (x86)/atmel/studio/7.0/toolchain/avr8/avr8-gnu-toolchain/bin/../lib/gcc/avr/5.4.0/avr25\libgcc.a(_udivmodsi4.o)
 .bss           0x00000000        0x0 c:/program files (x86)/atmel/studio/7.0/toolchain/avr8/avr8-gnu-toolchain/bin/../lib/gcc/avr/5.4.0/avr25\libgcc.a(_udivmodsi4.o)
 .text.libgcc.mul
                0x00000000        0x0 c:/program files (x86)/atmel/studio/7.0/toolchain/avr8/avr8-gnu-toolchain/bin/../lib/gcc/avr/5.4.0/avr25\libgcc.a(_udivmodsi4.o)
 .text.libgcc   0x00000000        0x0 c:/program files (x86)/atmel/studio/7.0/toolchain/avr8/avr8-gnu-toolchain/bin/../lib/gcc/avr/5.4.0/avr25\libgcc.a(_udivmodsi4.o)
 .text.libgcc.prologue
                0x00000000        0x0 c:/program files (x86)/atmel/studio/7.0/toolchain/avr8/avr8-gnu-toolchain/bin/../lib/gcc/avr/5.4.0/avr25\libgcc.a(_udivmodsi4.o)
 .text.libgcc.builtins
                0x00000000        0x0 c:/program files (x86)/atmel/studio/7.0/toolchain/avr8/avr8-gnu-toolchain/bin/../lib/gcc/avr/5.4.0/avr25\libgcc.a(_udivmodsi4.o)
 .text.libgcc.fmul
                0x00000000        0x0 c:/program files (x86)/atmel/studio/7.0/toolchain/avr8/avr8-gnu-toolchain/bin/../lib/gcc/avr/5.4.0/avr25\libgcc.a(_udivmodsi4.o)
 .text.libgcc.fixed
                0x00000000        0x0 c:/program files (x86)/atmel/studio/7.0/toolchain/avr8/avr8-gnu-toolchain/bin/../lib/gcc/avr/5.4.0/avr25\libgcc.a(_udivmodsi4.o)
 .text          0x00000000        0x0 c:/program files (x86)/atmel/studio/7.0/toolchain/avr8/avr8-gnu-toolchain/bin/../lib/gcc/avr/5.4.0/avr25\libgcc.a(_exit.o)
 .data          0x00000000        0x0 c:/program files (x86)/atmel/studio/7.0/toolchain/avr8/avr8-gnu-toolchain/bin/../lib/gcc/avr/5.4.0/avr25\libgcc.a(_exit.o)
 .bss           0x00000000        0x0 c:/program files (x86)/atmel/studio/7.0/toolchain/avr8/avr8-gnu-toolchain/bin/../lib/gcc/avr/5.4.0/avr25\libgcc.a(_exit.o)
 .text.libgcc.mul
                0x00000000        0x0 c:/program files (x86)/atmel/studio/7.0/toolchain/avr8/avr8-gnu-toolchain/bin/../lib/gcc/avr/5.4.0/avr25\libgcc.a(_exit.o)
 .text.libgcc.div
                0x00000000        0x0 c:/program files (x86)/atmel/studio/7.0/toolchain/avr8/avr8-gnu-toolchain/bin/../lib/gcc/avr/5.4.0/avr25\libgcc.a(_exit.o)
 .text.libgcc   0x00000000        0x0 c:/program files (x86)/atmel/studio/7.0/toolchain/avr8/avr8-gnu-toolchain/bin/../lib/gcc/avr/5.4.0/avr25\libgcc.a(_exit.o)
 .text.libgcc.prologue
                0x00000000        0x0 c:/program files (x86)/atmel/studio/7.0/toolchain/avr8/avr8-gnu-toolchain/bin/../lib/gcc/avr/5.4.0/avr25\libgcc.a(_exit.o)
 .text.libgcc.builtins
                0x00000000        0x0 c:/program files (x86)/atmel/studio/7.0/toolchain/avr8/avr8-gnu-toolchain/bin/../lib/gcc/avr/5.4.0/avr25\libgcc.a(_exit.o)
 .text.libgcc.fmul
                0x00000000        0x0 c:/program files (x86)/atmel/studio/7.0/toolchain/avr8/avr8-gnu-toolchain/bin/../lib/gcc/avr/5.4.0/avr25\libgcc.a(_exit.o)
 .text.libgcc.fixed
                0x00000000        0x0 c:/program files (x86)/atmel/studio/7.0/toolchain/avr8/avr8-gnu-toolchain/bin/../lib/gcc/avr/5.4.0/avr25\libgcc.a(_exit.o)
 .text          0x00000000        0x0 c:/program files (x86)/atmel/studio/7.0/toolchain/avr8/avr8-gnu-toolchain/bin/../lib/gcc/avr/5.4.0/avr25\libgcc.a(_copy_data.o)
 .data          0x00000000        0x0 c:/program files (x86)/atmel/studio/7.0/toolchain/avr8/avr8-gnu-toolchain/bin/../lib/gcc/avr/5.4.0/avr25\libgcc.a(_copy_data.o)
 .bss           0x00000000        0x0 c:/program files (x86)/atmel/studio/7.0/toolchain/avr8/avr8-gnu-toolchain/bin/../lib/gcc/avr/5.4.0/avr25\libgcc.a(_copy_data.o)
 .text.libgcc.mul
                0x00000000        0x0 c:/program files (x86)/atmel/studio/7.0/toolchain/avr8/avr8-gnu-toolchain/bin/../lib/gcc/avr/5.4.0/avr25\libgcc.a(_copy_data.o)
 .text.libgcc.div
                0x00000000        0x0 c:/program files (x86)/atmel/studio/7.0/toolchain/avr8/avr8-gnu-toolchain/bin/../lib/gcc/avr/5.4.0/avr25\libgcc.a(_copy_data.o)
 .text.libgcc   0x00000000        0x0 c:/program files (x86)/atmel/studio/7.0/toolchain/avr8/avr8-gnu-toolchain/bin/../lib/gcc/avr/5.4.0/avr25\libgcc.a(_copy_data.o)
 .text.libgcc.prologue
                0x00000000        0x0 c:/program files (x86)/atmel/studio/7.0/toolchain/avr8/avr8-gnu-toolchain/bin/../lib/gcc/avr/5.4.0/avr25\libgcc.a(_copy_data.o)
 .text.libgcc.builtins
                0x00000000        0x0 c:/program files (x86)/atmel/studio/7.0/toolchain/avr8/avr8-gnu-toolchain/bin/../lib/gcc/avr/5.4.0/avr25\libgcc.a(_copy_data.o)
 .text.libgcc.fmul
                0x00000000        0x0 c:/program files (x86)/atmel/studio/7.0/toolchain/avr8/avr8-gnu-toolchain/bin/../lib/gcc/avr/5.4.0/avr25\libgcc.a(_copy_data.o)
 .text.libgcc.fixed
                0x00000000        0x0 c:/program files (x86)/atmel/studio/7.0/toolchain/avr8/avr8-gnu-toolchain/bin/../lib/gcc/avr/5.4.0/avr25\libgcc.a(_copy_data.o)
 .text          0x00000000        0x0 c:/program files (x86)/atmel/studio/7.0/toolchain/avr8/avr8-gnu-toolchain/bin/../lib/gcc/avr/5.4.0/avr25\libgcc.a(_clear_bss.o)
 .data          0x00000000        0x0 c:/program files (x86)/atmel/studio/7.0/toolchain/avr8/avr8-gnu-toolchain/bin/../lib/gcc/avr/5.4.0/avr25\libgcc.a(_clear_bss.o)
 .bss           0x00000000        0x0 c:/program files (x86)/atmel/studio/7.0/toolchain/avr8/avr8-gnu-toolchain/bin/../lib/gcc/avr/5.4.0/avr25\libgcc.a(_clear_bss.o)
 .text.libgcc.mul
                0x00000000        0x0 c:/program files (x86)/atmel/studio/7.0/toolchain/avr8/avr8-gnu-toolchain/bin/../lib/gcc/avr/5.4.0/avr25\libgcc.a(_clear_bss.o)
 .text.libgcc.div
                0x00000000        0x0 c:/program files (x86)/atmel/studio/7.0/toolchain/avr8/avr8-gnu-toolchain/bin/../lib/gcc/avr/5.4.0/avr25\libgcc.a(_clear_bss.o)
 .text.libgcc   0x00000000        0x0 c:/program files (x86)/atmel/studio/7.0/toolchain/avr8/avr8-gnu-toolchain/bin/../lib/gcc/avr/5.4.0/avr25\libgcc.a(_clear_bss.o)
 .text.libgcc.prologue
                0x00000000        0x0 c:/program files (x86)/atmel/studio/7.0/toolchain/avr8/avr8-gnu-toolchain/bin/../lib/gcc/avr/5.4.0/avr25\libgcc.a(_clear_bss.o)
 .text.libgcc.builtins
                0x00000000        0x0 c:/program files (x86)/atmel/studio/7.0/toolchain/avr8/avr8-gnu-toolchain/bin/../lib/gcc/avr/5.4.0/avr25\libgcc.a(_clear_bss.o)
 .text.libgcc.fmul
                0x00000000        0x0 c:/program files (x86)/atmel/studio/7.0/toolchain/avr8/avr8-gnu-toolchain/bin/../lib/gcc/avr/5.4.0/avr25\libgcc.a(_clear_bss.o)
 .text.libgcc.fixed
                0x00000000        0x0 c:/program files (x86)/atmel/studio/7.0/toolchain/avr8/avr8-gnu-toolchain/bin/../lib/gcc/avr/5.4.0/avr25\libgcc.a(_clear_bss.o)

Memory Configuration

Name             Origin             Length             Attributes
text             0x00000000         0x00002000         xr
data             0x00800060         0x0000ffa0         rw !x
eeprom           0x00810000         0x00010000         rw !x
fuse             0x00820000         0x00000003         rw !x
lock             0x00830000         0x00000400         rw !x
signature        0x00840000         0x00000400         rw !x
user_signatures  0x00850000         0x00000400         rw !x
*default*        0x00000000         0xffffffff

Linker script and memory map

Address of section .data set to 0x800100
LOAD C:/Program Files (x86)/Atmel/Studio/7.0/Packs/atmel/ATtiny_DFP/1.2.118/gcc/dev/attiny841/avr25/crtattiny841.o
LOAD Mocca_Mini_Driver.o
LOAD NewMain.o
START GROUP
LOAD c:/program files (x86)/atmel/studio/7.0/toolchain/avr8/avr8-gnu-toolchain/bin/../lib/gcc/avr/5.4.0/../../../../avr/lib/avr25\libm.a
END GROUP
START GROUP
LOAD c:/program files (x86)/atmel/studio/7.0/toolchain/avr8/avr8-gnu-toolchain/bin/../lib/gcc/avr/5.4.0/avr25\libgcc.a
LOAD c:/program files (x86)/atmel/studio/7.0/toolchain/avr8/avr8-gnu-toolchain/bin/../lib/gcc/avr/5.4.0/../../../../avr/lib/avr25\libm.a
LOAD c:/program files (x86)/atmel/studio/7.0/toolchain/avr8/avr8-gnu-toolchain/bin/../lib/gcc/avr/5.4.0/../../../../avr/lib/avr25\libc.a
LOAD C:/Program Files (x86)/Atmel/Studio/7.0/Packs/atmel/ATtiny_DFP/1.2.118/gcc/dev/attiny841/avr25\libattiny841.a
END GROUP
                0x00002000                __TEXT_REGION_LENGTH__ = DEFINED (__TEXT_REGION_LENGTH__)?__TEXT_REGION_LENGTH__:0x2000
                0x0000ffa0                __DATA_REGION_LENGTH__ = DEFINED (__DATA_REGION_LENGTH__)?__DATA_REGION_LENGTH__:0xffa0
                0x00010000                __EEPROM_REGION_LENGTH__ = DEFINED (__EEPROM_REGION_LENGTH__)?__EEPROM_REGION_LENGTH__:0x10000
                [0x00000003]                __FUSE_REGION_LENGTH__ = DEFINED (__FUSE_REGION_LENGTH__)?__FUSE_REGION_LENGTH__:0x400
                0x00000400                __LOCK_REGION_LENGTH__ = DEFINED (__LOCK_REGION_LENGTH__)?__LOCK_REGION_LENGTH__:0x400
                0x00000400                __SIGNATURE_REGION_LENGTH__ = DEFINED (__SIGNATURE_REGION_LENGTH__)?__SIGNATURE_REGION_LENGTH__:0x400
                0x00000400                __USER_SIGNATURE_REGION_LENGTH__ = DEFINED (__USER_SIGNATURE_REGION_LENGTH__)?__USER_SIGNATURE_REGION_LENGTH__:0x400

.hash
 *(.hash)

.dynsym
 *(.dynsym)

.dynstr
 *(.dynstr)

.gnu.version
 *(.gnu.version)

.gnu.version_d
 *(.gnu.version_d)

.gnu.version_r
 *(.gnu.version_r)

.rel.init
 *(.rel.init)

.rela.init
 *(.rela.init)

.rel.text
 *(.rel.text)
 *(.rel.text.*)
 *(.rel.gnu.linkonce.t*)

.rela.text
 *(.rela.text)
 *(.rela.text.*)
 *(.rela.gnu.linkonce.t*)

.rel.fini
 *(.rel.fini)

.rela.fini
 *(.rela.fini)

.rel.rodata
 *(.rel.rodata)
 *(.rel.rodata.*)
 *(.rel.gnu.linkonce.r*)

.rela.rodata
 *(.rela.rodata)
 *(.rela.rodata.*)
 *(.rela.gnu.linkonce.r*)

.rel.data
 *(.rel.data)
 *(.rel.data.*)
 *(.rel.gnu.linkonce.d*)

.rela.data
 *(.rela.data)
 *(.rela.data.*)
 *(.rela.gnu.linkonce.d*)

.rel.ctors
 *(.rel.ctors)

.rela.ctors
 *(.rela.ctors)

.rel.dtors
 *(.rel.dtors)

.rela.dtors
 *(.rela.dtors)

.rel.got
 *(.rel.got)

.rela.got
 *(.rela.got)

.rel.bss
 *(.rel.bss)

.rela.bss
 *(.rela.bss)

.rel.plt
 *(.rel.plt)

.rela.plt
 *(.rela.plt)

.text           0x00000000     0x137a
 *(.vectors)
 .vectors       0x00000000       0x3c C:/Program Files (x86)/Atmel/Studio/7.0/Packs/atmel/ATtiny_DFP/1.2.118/gcc/dev/attiny841/avr25/crtattiny841.o
                0x00000000                __vector_default
                0x00000000                __vectors
 *(.vectors)
 *(.progmem.gcc*)
                0x0000003c                . = ALIGN (0x2)
                0x0000003c                __trampolines_start = .
 *(.trampolines)
 .trampolines   0x0000003c        0x0 linker stubs
 *(.trampolines*)
                0x0000003c                __trampolines_end = .
 *libprintf_flt.a:*(.progmem.data)
 *libc.a:*(.progmem.data)
 *(.progmem*)
 .progmem.data.__c.1806
                0x0000003c       0x15 NewMain.o
 .progmem.data.__c.1808
                0x00000051        0xd NewMain.o
 .progmem.data.__c.1810
                0x0000005e        0x3 NewMain.o
 .progmem.data.__c.1817
                0x00000061        0x8 NewMain.o
 .progmem.data.__c.1819
                0x00000069        0x8 NewMain.o
 .progmem.data.__c.1822
                0x00000071       0x15 NewMain.o
 .progmem.data.__c.1832
                0x00000086       0x15 NewMain.o
 .progmem.data.__c.1834
                0x0000009b       0x11 NewMain.o
 .progmem.data.__c.1847
                0x000000ac       0x12 NewMain.o
 .progmem.data.__c.1849
                0x000000be        0x8 NewMain.o
 .progmem.data.__c.1851
                0x000000c6       0x12 NewMain.o
 .progmem.data.__c.1853
                0x000000d8       0x15 NewMain.o
 .progmem.data.__c.1856
                0x000000ed       0x14 NewMain.o
 .progmem.data.__c.1858
                0x00000101       0x12 NewMain.o
 .progmem.data.__c.1860
                0x00000113       0x15 NewMain.o
 .progmem.data.__c.1862
                0x00000128       0x14 NewMain.o
 .progmem.data.__c.1864
                0x0000013c       0x12 NewMain.o
 .progmem.data.__c.1866
                0x0000014e       0x15 NewMain.o
 .progmem.data.__c.1895
                0x00000163        0x8 NewMain.o
 .progmem.data.__c.1902
                0x0000016b        0x2 NewMain.o
 .progmem.data.__c.1904
                0x0000016d        0x2 NewMain.o
 .progmem.data.__c.1906
                0x0000016f        0x2 NewMain.o
 .progmem.data.__c.1908
                0x00000171        0x3 NewMain.o
 .progmem.data.__c.1913
                0x00000174        0x2 NewMain.o
 .progmem.data.__c.1915
                0x00000176        0x2 NewMain.o
 .progmem.data.__c.1917
                0x00000178        0x2 NewMain.o
 .progmem.data.__c.1922
                0x0000017a        0x9 NewMain.o
 .progmem.data.__c.1927
                0x00000183       0x10 NewMain.o
 .progmem.data.__c.1929
                0x00000193       0x10 NewMain.o
 .progmem.data.__c.1931
                0x000001a3       0x10 NewMain.o
 .progmem.data.__c.1933
                0x000001b3       0x10 NewMain.o
 .progmem.data.__c.1935
                0x000001c3       0x10 NewMain.o
 .progmem.data.__c.1937
                0x000001d3       0x10 NewMain.o
                0x000001e4                . = ALIGN (0x2)
 *fill*         0x000001e3        0x1 
 *(.jumptables)
 *(.jumptables*)
 *(.lowtext)
 *(.lowtext*)
                0x000001e4                __ctors_start = .
 *(.ctors)
                0x000001e4                __ctors_end = .
                0x000001e4                __dtors_start = .
 *(.dtors)
                0x000001e4                __dtors_end = .
 SORT(*)(.ctors)
 SORT(*)(.dtors)
 *(.init0)
 .init0         0x000001e4        0x0 C:/Program Files (x86)/Atmel/Studio/7.0/Packs/atmel/ATtiny_DFP/1.2.118/gcc/dev/attiny841/avr25/crtattiny841.o
                0x000001e4                __init
 *(.init0)
 *(.init1)
 *(.init1)
 *(.init2)
 .init2         0x000001e4        0xc C:/Program Files (x86)/Atmel/Studio/7.0/Packs/atmel/ATtiny_DFP/1.2.118/gcc/dev/attiny841/avr25/crtattiny841.o
 *(.init2)
 *(.init3)
 *(.init3)
 *(.init4)
 .init4         0x000001f0       0x16 c:/program files (x86)/atmel/studio/7.0/toolchain/avr8/avr8-gnu-toolchain/bin/../lib/gcc/avr/5.4.0/avr25\libgcc.a(_copy_data.o)
                0x000001f0                __do_copy_data
 .init4         0x00000206       0x10 c:/program files (x86)/atmel/studio/7.0/toolchain/avr8/avr8-gnu-toolchain/bin/../lib/gcc/avr/5.4.0/avr25\libgcc.a(_clear_bss.o)
                0x00000206                __do_clear_bss
 *(.init4)
 *(.init5)
 *(.init5)
 *(.init6)
 *(.init6)
 *(.init7)
 *(.init7)
 *(.init8)
 *(.init8)
 *(.init9)
 .init9         0x00000216        0x4 C:/Program Files (x86)/Atmel/Studio/7.0/Packs/atmel/ATtiny_DFP/1.2.118/gcc/dev/attiny841/avr25/crtattiny841.o
 *(.init9)
 *(.text)
 .text          0x0000021a        0x2 C:/Program Files (x86)/Atmel/Studio/7.0/Packs/atmel/ATtiny_DFP/1.2.118/gcc/dev/attiny841/avr25/crtattiny841.o
                0x0000021a                __vector_22
                0x0000021a                __vector_28
                0x0000021a                __vector_1
                0x0000021a                __vector_24
                0x0000021a                __vector_12
                0x0000021a                __bad_interrupt
                0x0000021a                __vector_3
                0x0000021a                __vector_23
                0x0000021a                __vector_25
                0x0000021a                __vector_11
                0x0000021a                __vector_13
                0x0000021a                __vector_17
                0x0000021a                __vector_19
                0x0000021a                __vector_7
                0x0000021a                __vector_27
                0x0000021a                __vector_5
                0x0000021a                __vector_4
                0x0000021a                __vector_9
                0x0000021a                __vector_21
                0x0000021a                __vector_15
                0x0000021a                __vector_29
                0x0000021a                __vector_8
                0x0000021a                __vector_26
                0x0000021a                __vector_14
                0x0000021a                __vector_10
                0x0000021a                __vector_16
                0x0000021a                __vector_18
                0x0000021a                __vector_20
                0x0000021c                . = ALIGN (0x2)
 *(.text.*)
 .text.wait_1ms
                0x0000021c       0x80 Mocca_Mini_Driver.o
                0x0000021c                wait_1ms
 .text.delay_nop
                0x0000029c       0x2c Mocca_Mini_Driver.o
                0x0000029c                delay_nop
 .text.write_lcd_f
                0x000002c8       0xa8 Mocca_Mini_Driver.o
                0x000002c8                write_lcd_f
 .text.write_text
                0x00000370       0x3e Mocca_Mini_Driver.o
                0x00000370                write_text
 .text.write_text_ram
                0x000003ae       0x3a Mocca_Mini_Driver.o
                0x000003ae                write_text_ram
 .text.write_zahl
                0x000003e8      0x21c Mocca_Mini_Driver.o
                0x000003e8                write_zahl
 .text.lcd_init
                0x00000604       0x46 Mocca_Mini_Driver.o
                0x00000604                lcd_init
 .text.clear_lcd
                0x0000064a       0x16 Mocca_Mini_Driver.o
                0x0000064a                clear_lcd
 .text.get_ADC_Channel
                0x00000660       0x36 Mocca_Mini_Driver.o
                0x00000660                get_ADC_Channel
 .text.set_RGB_LED
                0x00000696       0x9e Mocca_Mini_Driver.o
                0x00000696                set_RGB_LED
 .text.init_Mocca_Mini
                0x00000734       0x9a Mocca_Mini_Driver.o
                0x00000734                init_Mocca_Mini
 .text.read_SWITCH
                0x000007ce      0x14e Mocca_Mini_Driver.o
                0x000007ce                read_SWITCH
 .text.__vector_2
                0x0000091c       0x26 Mocca_Mini_Driver.o
                0x0000091c                __vector_2
 .text.__vector_6
                0x00000942       0xe2 Mocca_Mini_Driver.o
                0x00000942                __vector_6
 .text.crate_code
                0x00000a24      0x1c2 NewMain.o
                0x00000a24                crate_code
 .text.start_game
                0x00000be6      0x1d6 NewMain.o
                0x00000be6                start_game
 .text.code_cracker_game
                0x00000dbc      0x110 NewMain.o
                0x00000dbc                code_cracker_game
 .text.start_fighter_game
                0x00000ecc      0x3e2 NewMain.o
                0x00000ecc                start_fighter_game
 .text.main     0x000012ae       0x84 NewMain.o
                0x000012ae                main
 .text.libgcc.div
                0x00001332       0x44 c:/program files (x86)/atmel/studio/7.0/toolchain/avr8/avr8-gnu-toolchain/bin/../lib/gcc/avr/5.4.0/avr25\libgcc.a(_udivmodsi4.o)
                0x00001332                __udivmodsi4
                0x00001376                . = ALIGN (0x2)
 *(.fini9)
 .fini9         0x00001376        0x0 c:/program files (x86)/atmel/studio/7.0/toolchain/avr8/avr8-gnu-toolchain/bin/../lib/gcc/avr/5.4.0/avr25\libgcc.a(_exit.o)
                0x00001376                _exit
                0x00001376                exit
 *(.fini9)
 *(.fini8)
 *(.fini8)
 *(.fini7)
 *(.fini7)
 *(.fini6)
 *(.fini6)
 *(.fini5)
 *(.fini5)
 *(.fini4)
 *(.fini4)
 *(.fini3)
 *(.fini3)
 *(.fini2)
 *(.fini2)
 *(.fini1)
 *(.fini1)
 *(.fini0)
 .fini0         0x00001376        0x4 c:/program files (x86)/atmel/studio/7.0/toolchain/avr8/avr8-gnu-toolchain/bin/../lib/gcc/avr/5.4.0/avr25\libgcc.a(_exit.o)
 *(.fini0)
                0x0000137a                _etext = .

.data           0x00800100       0x26 load address 0x0000137a
                0x00800100                PROVIDE (__data_start, .)
 *(.data)
 *(.data*)
 .data.LCD_Refresh_Time_cnt
                0x00800100        0x2 Mocca_Mini_Driver.o
                0x00800100                LCD_Refresh_Time_cnt
 *(.rodata)
 .rodata        0x00800102       0x23 NewMain.o
 *(.rodata*)
 *(.gnu.linkonce.d*)
                0x00800126                . = ALIGN (0x2)
 *fill*         0x00800125        0x1 
                0x00800126                _edata = .
                0x00800126                PROVIDE (__data_end, .)

.bss            0x00800126       0x1c
                0x00800126                PROVIDE (__bss_start, .)
 *(.bss)
 *(.bss*)
 .bss.tick_1ms_cnt
                0x00800126        0x4 Mocca_Mini_Driver.o
                0x00800126                tick_1ms_cnt
 .bss.tick_1ms  0x0080012a        0x4 Mocca_Mini_Driver.o
                0x0080012a                tick_1ms
 .bss.write_RGB_LCD_activ
                0x0080012e        0x1 Mocca_Mini_Driver.o
                0x0080012e                write_RGB_LCD_activ
 .bss.code.1813
                0x0080012f        0x3 NewMain.o
 *(COMMON)
 COMMON         0x00800132       0x10 Mocca_Mini_Driver.o
                0x00800132                DIP_Switch
                0x00800134                RGB_rot
                0x00800136                Taste_1
                0x00800138                Taste_4
                0x0080013a                RGB_gruen
                0x0080013c                Taste_2
                0x0080013e                RGB_blau
                0x00800140                Taste_3
                0x00800142                PROVIDE (__bss_end, .)
                0x0000137a                __data_load_start = LOADADDR (.data)
                0x000013a0                __data_load_end = (__data_load_start + SIZEOF (.data))

.noinit         0x00800142        0x0
                [!provide]                PROVIDE (__noinit_start, .)
 *(.noinit*)
                [!provide]                PROVIDE (__noinit_end, .)
                0x00800142                _end = .
                [!provide]                PROVIDE (__heap_start, .)

.eeprom         0x00810000        0x0
 *(.eeprom*)
                0x00810000                __eeprom_end = .

.fuse
 *(.fuse)
 *(.lfuse)
 *(.hfuse)
 *(.efuse)

.lock
 *(.lock*)

.signature
 *(.signature*)

.user_signatures
 *(.user_signatures*)

.stab
 *(.stab)

.stabstr
 *(.stabstr)

.stab.excl
 *(.stab.excl)

.stab.exclstr
 *(.stab.exclstr)

.stab.index
 *(.stab.index)

.stab.indexstr
 *(.stab.indexstr)

.comment        0x00000000       0x30
 *(.comment)
 .comment       0x00000000       0x30 Mocca_Mini_Driver.o
                                 0x31 (size before relaxing)
 .comment       0x00000030       0x31 NewMain.o

.note.gnu.avr.deviceinfo
                0x00000000       0x3c
 .note.gnu.avr.deviceinfo
                0x00000000       0x3c C:/Program Files (x86)/Atmel/Studio/7.0/Packs/atmel/ATtiny_DFP/1.2.118/gcc/dev/attiny841/avr25/crtattiny841.o

.note.gnu.build-id
 *(.note.gnu.build-id)

.debug
 *(.debug)

.line
 *(.line)

.debug_srcinfo
 *(.debug_srcinfo)

.debug_sfnames
 *(.debug_sfnames)

.debug_aranges  0x00000000       0xd8
 *(.debug_aranges)
 .debug_aranges
                0x00000000       0x98 Mocca_Mini_Driver.o
 .debug_aranges
                0x00000098       0x40 NewMain.o

.debug_pubnames
 *(.debug_pubnames)

.debug_info     0x00000000     0x23ec
 *(.debug_info .gnu.linkonce.wi.*)
 .debug_info    0x00000000      0x75c C:/Program Files (x86)/Atmel/Studio/7.0/Packs/atmel/ATtiny_DFP/1.2.118/gcc/dev/attiny841/avr25/crtattiny841.o
 .debug_info    0x0000075c      0x813 Mocca_Mini_Driver.o
 .debug_info    0x00000f6f     0x147d NewMain.o

.debug_abbrev   0x00000000      0xae9
 *(.debug_abbrev)
 .debug_abbrev  0x00000000      0x6f6 C:/Program Files (x86)/Atmel/Studio/7.0/Packs/atmel/ATtiny_DFP/1.2.118/gcc/dev/attiny841/avr25/crtattiny841.o
 .debug_abbrev  0x000006f6      0x23d Mocca_Mini_Driver.o
 .debug_abbrev  0x00000933      0x1b6 NewMain.o

.debug_line     0x00000000     0x10ad
 *(.debug_line .debug_line.* .debug_line_end)
 .debug_line    0x00000000      0x14b C:/Program Files (x86)/Atmel/Studio/7.0/Packs/atmel/ATtiny_DFP/1.2.118/gcc/dev/attiny841/avr25/crtattiny841.o
 .debug_line    0x0000014b      0x988 Mocca_Mini_Driver.o
 .debug_line    0x00000ad3      0x5da NewMain.o

.debug_frame    0x00000000      0x30c
 *(.debug_frame)
 .debug_frame   0x00000000      0x238 Mocca_Mini_Driver.o
 .debug_frame   0x00000238       0xd4 NewMain.o

.debug_str      0x00000000      0x742
 *(.debug_str)
 .debug_str     0x00000000      0x2a5 C:/Program Files (x86)/Atmel/Studio/7.0/Packs/atmel/ATtiny_DFP/1.2.118/gcc/dev/attiny841/avr25/crtattiny841.o
 .debug_str     0x000002a5      0x323 Mocca_Mini_Driver.o
                                0x38d (size before relaxing)
 .debug_str     0x000005c8      0x17a NewMain.o
                                0x333 (size before relaxing)

.debug_loc      0x00000000     0x187a
 *(.debug_loc)
 .debug_loc     0x00000000      0xfa3 Mocca_Mini_Driver.o
 .debug_loc     0x00000fa3      0x8d7 NewMain.o

.debug_macinfo
 *(.debug_macinfo)

.debug_weaknames
 *(.debug_weaknames)

.debug_funcnames
 *(.debug_funcnames)

.debug_typenames
 *(.debug_typenames)

.debug_varnames
 *(.debug_varnames)

.debug_pubtypes
 *(.debug_pubtypes)

.debug_ranges   0x00000000       0xb8
 *(.debug_ranges)
 .debug_ranges  0x00000000       0x88 Mocca_Mini_Driver.o
 .debug_ranges  0x00000088       0x30 NewMain.o

.debug_macro
 *(.debug_macro)
OUTPUT(GccApplication1.elf elf32-avr)
LOAD linker stubs
